type=SERVICE_START msg=audit(1643023733.222:793): pid=1 uid=0 auid=4294967295 ses=4294967295 msg='unit=systemd-tmpfiles-clean comm="systemd" exe="/lib/systemd/systemd" hostname=? addr=? terminal=? res=success'
type=SERVICE_STOP msg=audit(1643023733.222:794): pid=1 uid=0 auid=4294967295 ses=4294967295 msg='unit=systemd-tmpfiles-clean comm="systemd" exe="/lib/systemd/systemd" hostname=? addr=? terminal=? res=success'
type=USER_ACCT msg=audit(1643026621.346:795): pid=9299 uid=0 auid=4294967295 ses=4294967295 msg='op=PAM:accounting acct="root" exe="/usr/sbin/cron" hostname=? addr=? terminal=cron res=success'
type=CRED_ACQ msg=audit(1643026621.350:796): pid=9299 uid=0 auid=4294967295 ses=4294967295 msg='op=PAM:setcred acct="root" exe="/usr/sbin/cron" hostname=? addr=? terminal=cron res=success'
type=LOGIN msg=audit(1643026621.350:797): pid=9299 uid=0 old-auid=4294967295 auid=0 tty=(none) old-ses=4294967295 ses=130 res=1
type=USER_START msg=audit(1643026621.350:798): pid=9299 uid=0 auid=0 ses=130 msg='op=PAM:session_open acct="root" exe="/usr/sbin/cron" hostname=? addr=? terminal=cron res=success'
type=CRED_DISP msg=audit(1643026621.358:799): pid=9299 uid=0 auid=0 ses=130 msg='op=PAM:setcred acct="root" exe="/usr/sbin/cron" hostname=? addr=? terminal=cron res=success'
type=USER_END msg=audit(1643026621.358:800): pid=9299 uid=0 auid=0 ses=130 msg='op=PAM:session_close acct="root" exe="/usr/sbin/cron" hostname=? addr=? terminal=cron res=success'
type=USER_ACCT msg=audit(1643030221.395:801): pid=11995 uid=0 auid=4294967295 ses=4294967295 msg='op=PAM:accounting acct="root" exe="/usr/sbin/cron" hostname=? addr=? terminal=cron res=success'
type=CRED_ACQ msg=audit(1643030221.399:802): pid=11995 uid=0 auid=4294967295 ses=4294967295 msg='op=PAM:setcred acct="root" exe="/usr/sbin/cron" hostname=? addr=? terminal=cron res=success'
type=LOGIN msg=audit(1643030221.399:803): pid=11995 uid=0 old-auid=4294967295 auid=0 tty=(none) old-ses=4294967295 ses=131 res=1
type=USER_START msg=audit(1643030221.399:804): pid=11995 uid=0 auid=0 ses=131 msg='op=PAM:session_open acct="root" exe="/usr/sbin/cron" hostname=? addr=? terminal=cron res=success'
type=CRED_DISP msg=audit(1643030221.407:805): pid=11995 uid=0 auid=0 ses=131 msg='op=PAM:setcred acct="root" exe="/usr/sbin/cron" hostname=? addr=? terminal=cron res=success'
type=USER_END msg=audit(1643030221.407:806): pid=11995 uid=0 auid=0 ses=131 msg='op=PAM:session_close acct="root" exe="/usr/sbin/cron" hostname=? addr=? terminal=cron res=success'
type=SERVICE_START msg=audit(1643032239.298:807): pid=1 uid=0 auid=4294967295 ses=4294967295 msg='unit=put comm="systemd" exe="/lib/systemd/systemd" hostname=? addr=? terminal=? res=success'
type=SERVICE_STOP msg=audit(1643032239.298:808): pid=1 uid=0 auid=4294967295 ses=4294967295 msg='unit=put comm="systemd" exe="/lib/systemd/systemd" hostname=? addr=? terminal=? res=success'
type=USER_ACCT msg=audit(1643033821.454:809): pid=13533 uid=0 auid=4294967295 ses=4294967295 msg='op=PAM:accounting acct="root" exe="/usr/sbin/cron" hostname=? addr=? terminal=cron res=success'
type=CRED_ACQ msg=audit(1643033821.454:810): pid=13533 uid=0 auid=4294967295 ses=4294967295 msg='op=PAM:setcred acct="root" exe="/usr/sbin/cron" hostname=? addr=? terminal=cron res=success'
type=LOGIN msg=audit(1643033821.454:811): pid=13533 uid=0 old-auid=4294967295 auid=0 tty=(none) old-ses=4294967295 ses=132 res=1
type=USER_START msg=audit(1643033821.454:812): pid=13533 uid=0 auid=0 ses=132 msg='op=PAM:session_open acct="root" exe="/usr/sbin/cron" hostname=? addr=? terminal=cron res=success'
type=CRED_DISP msg=audit(1643033821.458:813): pid=13533 uid=0 auid=0 ses=132 msg='op=PAM:setcred acct="root" exe="/usr/sbin/cron" hostname=? addr=? terminal=cron res=success'
type=USER_END msg=audit(1643033821.458:814): pid=13533 uid=0 auid=0 ses=132 msg='op=PAM:session_close acct="root" exe="/usr/sbin/cron" hostname=? addr=? terminal=cron res=success'
type=USER_ACCT msg=audit(1643037421.505:815): pid=13740 uid=0 auid=4294967295 ses=4294967295 msg='op=PAM:accounting acct="root" exe="/usr/sbin/cron" hostname=? addr=? terminal=cron res=success'
type=CRED_ACQ msg=audit(1643037421.509:816): pid=13740 uid=0 auid=4294967295 ses=4294967295 msg='op=PAM:setcred acct="root" exe="/usr/sbin/cron" hostname=? addr=? terminal=cron res=success'
type=LOGIN msg=audit(1643037421.509:817): pid=13740 uid=0 old-auid=4294967295 auid=0 tty=(none) old-ses=4294967295 ses=133 res=1
type=USER_START msg=audit(1643037421.509:818): pid=13740 uid=0 auid=0 ses=133 msg='op=PAM:session_open acct="root" exe="/usr/sbin/cron" hostname=? addr=? terminal=cron res=success'
type=CRED_DISP msg=audit(1643037421.521:819): pid=13740 uid=0 auid=0 ses=133 msg='op=PAM:setcred acct="root" exe="/usr/sbin/cron" hostname=? addr=? terminal=cron res=success'
type=USER_END msg=audit(1643037421.521:820): pid=13740 uid=0 auid=0 ses=133 msg='op=PAM:session_close acct="root" exe="/usr/sbin/cron" hostname=? addr=? terminal=cron res=success'
type=USER_ACCT msg=audit(1643041021.564:821): pid=13947 uid=0 auid=4294967295 ses=4294967295 msg='op=PAM:accounting acct="root" exe="/usr/sbin/cron" hostname=? addr=? terminal=cron res=success'
type=CRED_ACQ msg=audit(1643041021.564:822): pid=13947 uid=0 auid=4294967295 ses=4294967295 msg='op=PAM:setcred acct="root" exe="/usr/sbin/cron" hostname=? addr=? terminal=cron res=success'
type=LOGIN msg=audit(1643041021.564:823): pid=13947 uid=0 old-auid=4294967295 auid=0 tty=(none) old-ses=4294967295 ses=134 res=1
type=USER_START msg=audit(1643041021.564:824): pid=13947 uid=0 auid=0 ses=134 msg='op=PAM:session_open acct="root" exe="/usr/sbin/cron" hostname=? addr=? terminal=cron res=success'
type=CRED_DISP msg=audit(1643041021.572:825): pid=13947 uid=0 auid=0 ses=134 msg='op=PAM:setcred acct="root" exe="/usr/sbin/cron" hostname=? addr=? terminal=cron res=success'
type=USER_END msg=audit(1643041021.576:826): pid=13947 uid=0 auid=0 ses=134 msg='op=PAM:session_close acct="root" exe="/usr/sbin/cron" hostname=? addr=? terminal=cron res=success'
type=SERVICE_START msg=audit(1643043819.787:827): pid=1 uid=0 auid=4294967295 ses=4294967295 msg='unit=motd-news comm="systemd" exe="/lib/systemd/systemd" hostname=? addr=? terminal=? res=success'
type=SERVICE_STOP msg=audit(1643043819.787:828): pid=1 uid=0 auid=4294967295 ses=4294967295 msg='unit=motd-news comm="systemd" exe="/lib/systemd/systemd" hostname=? addr=? terminal=? res=success'
type=USER_ACCT msg=audit(1643044621.620:829): pid=14200 uid=0 auid=4294967295 ses=4294967295 msg='op=PAM:accounting acct="root" exe="/usr/sbin/cron" hostname=? addr=? terminal=cron res=success'
type=CRED_ACQ msg=audit(1643044621.620:830): pid=14200 uid=0 auid=4294967295 ses=4294967295 msg='op=PAM:setcred acct="root" exe="/usr/sbin/cron" hostname=? addr=? terminal=cron res=success'
type=LOGIN msg=audit(1643044621.620:831): pid=14200 uid=0 old-auid=4294967295 auid=0 tty=(none) old-ses=4294967295 ses=135 res=1
type=USER_START msg=audit(1643044621.624:832): pid=14200 uid=0 auid=0 ses=135 msg='op=PAM:session_open acct="root" exe="/usr/sbin/cron" hostname=? addr=? terminal=cron res=success'
type=CRED_DISP msg=audit(1643044621.628:833): pid=14200 uid=0 auid=0 ses=135 msg='op=PAM:setcred acct="root" exe="/usr/sbin/cron" hostname=? addr=? terminal=cron res=success'
type=USER_END msg=audit(1643044621.628:834): pid=14200 uid=0 auid=0 ses=135 msg='op=PAM:session_close acct="root" exe="/usr/sbin/cron" hostname=? addr=? terminal=cron res=success'
type=USER_ACCT msg=audit(1643048221.672:835): pid=14406 uid=0 auid=4294967295 ses=4294967295 msg='op=PAM:accounting acct="root" exe="/usr/sbin/cron" hostname=? addr=? terminal=cron res=success'
type=CRED_ACQ msg=audit(1643048221.676:836): pid=14406 uid=0 auid=4294967295 ses=4294967295 msg='op=PAM:setcred acct="root" exe="/usr/sbin/cron" hostname=? addr=? terminal=cron res=success'
type=LOGIN msg=audit(1643048221.676:837): pid=14406 uid=0 old-auid=4294967295 auid=0 tty=(none) old-ses=4294967295 ses=136 res=1
type=USER_START msg=audit(1643048221.676:838): pid=14406 uid=0 auid=0 ses=136 msg='op=PAM:session_open acct="root" exe="/usr/sbin/cron" hostname=? addr=? terminal=cron res=success'
type=CRED_DISP msg=audit(1643048221.684:839): pid=14406 uid=0 auid=0 ses=136 msg='op=PAM:setcred acct="root" exe="/usr/sbin/cron" hostname=? addr=? terminal=cron res=success'
type=USER_END msg=audit(1643048221.684:840): pid=14406 uid=0 auid=0 ses=136 msg='op=PAM:session_close acct="root" exe="/usr/sbin/cron" hostname=? addr=? terminal=cron res=success'
type=USER_ACCT msg=audit(1643051821.731:841): pid=14613 uid=0 auid=4294967295 ses=4294967295 msg='op=PAM:accounting acct="root" exe="/usr/sbin/cron" hostname=? addr=? terminal=cron res=success'
type=CRED_ACQ msg=audit(1643051821.731:842): pid=14613 uid=0 auid=4294967295 ses=4294967295 msg='op=PAM:setcred acct="root" exe="/usr/sbin/cron" hostname=? addr=? terminal=cron res=success'
type=LOGIN msg=audit(1643051821.731:843): pid=14613 uid=0 old-auid=4294967295 auid=0 tty=(none) old-ses=4294967295 ses=137 res=1
type=USER_START msg=audit(1643051821.731:844): pid=14613 uid=0 auid=0 ses=137 msg='op=PAM:session_open acct="root" exe="/usr/sbin/cron" hostname=? addr=? terminal=cron res=success'
type=CRED_DISP msg=audit(1643051821.739:845): pid=14613 uid=0 auid=0 ses=137 msg='op=PAM:setcred acct="root" exe="/usr/sbin/cron" hostname=? addr=? terminal=cron res=success'
type=USER_END msg=audit(1643051821.743:846): pid=14613 uid=0 auid=0 ses=137 msg='op=PAM:session_close acct="root" exe="/usr/sbin/cron" hostname=? addr=? terminal=cron res=success'
type=USER_ACCT msg=audit(1643055421.784:847): pid=14822 uid=0 auid=4294967295 ses=4294967295 msg='op=PAM:accounting acct="root" exe="/usr/sbin/cron" hostname=? addr=? terminal=cron res=success'
type=CRED_ACQ msg=audit(1643055421.788:848): pid=14822 uid=0 auid=4294967295 ses=4294967295 msg='op=PAM:setcred acct="root" exe="/usr/sbin/cron" hostname=? addr=? terminal=cron res=success'
type=LOGIN msg=audit(1643055421.788:849): pid=14822 uid=0 old-auid=4294967295 auid=0 tty=(none) old-ses=4294967295 ses=138 res=1
type=USER_START msg=audit(1643055421.788:850): pid=14822 uid=0 auid=0 ses=138 msg='op=PAM:session_open acct="root" exe="/usr/sbin/cron" hostname=? addr=? terminal=cron res=success'
type=CRED_DISP msg=audit(1643055421.796:851): pid=14822 uid=0 auid=0 ses=138 msg='op=PAM:setcred acct="root" exe="/usr/sbin/cron" hostname=? addr=? terminal=cron res=success'
type=USER_END msg=audit(1643055421.796:852): pid=14822 uid=0 auid=0 ses=138 msg='op=PAM:session_close acct="root" exe="/usr/sbin/cron" hostname=? addr=? terminal=cron res=success'
type=USER_ACCT msg=audit(1643059021.840:853): pid=15031 uid=0 auid=4294967295 ses=4294967295 msg='op=PAM:accounting acct="root" exe="/usr/sbin/cron" hostname=? addr=? terminal=cron res=success'
type=CRED_ACQ msg=audit(1643059021.844:854): pid=15031 uid=0 auid=4294967295 ses=4294967295 msg='op=PAM:setcred acct="root" exe="/usr/sbin/cron" hostname=? addr=? terminal=cron res=success'
type=LOGIN msg=audit(1643059021.844:855): pid=15031 uid=0 old-auid=4294967295 auid=0 tty=(none) old-ses=4294967295 ses=139 res=1
type=USER_START msg=audit(1643059021.844:856): pid=15031 uid=0 auid=0 ses=139 msg='op=PAM:session_open acct="root" exe="/usr/sbin/cron" hostname=? addr=? terminal=cron res=success'
type=CRED_DISP msg=audit(1643059021.852:857): pid=15031 uid=0 auid=0 ses=139 msg='op=PAM:setcred acct="root" exe="/usr/sbin/cron" hostname=? addr=? terminal=cron res=success'
type=USER_END msg=audit(1643059021.852:858): pid=15031 uid=0 auid=0 ses=139 msg='op=PAM:session_close acct="root" exe="/usr/sbin/cron" hostname=? addr=? terminal=cron res=success'
type=USER_ACCT msg=audit(1643062621.895:859): pid=15239 uid=0 auid=4294967295 ses=4294967295 msg='op=PAM:accounting acct="root" exe="/usr/sbin/cron" hostname=? addr=? terminal=cron res=success'
type=CRED_ACQ msg=audit(1643062621.895:860): pid=15239 uid=0 auid=4294967295 ses=4294967295 msg='op=PAM:setcred acct="root" exe="/usr/sbin/cron" hostname=? addr=? terminal=cron res=success'
type=LOGIN msg=audit(1643062621.895:861): pid=15239 uid=0 old-auid=4294967295 auid=0 tty=(none) old-ses=4294967295 ses=140 res=1
type=USER_START msg=audit(1643062621.895:862): pid=15239 uid=0 auid=0 ses=140 msg='op=PAM:session_open acct="root" exe="/usr/sbin/cron" hostname=? addr=? terminal=cron res=success'
type=CRED_DISP msg=audit(1643062621.903:863): pid=15239 uid=0 auid=0 ses=140 msg='op=PAM:setcred acct="root" exe="/usr/sbin/cron" hostname=? addr=? terminal=cron res=success'
type=USER_END msg=audit(1643062621.903:864): pid=15239 uid=0 auid=0 ses=140 msg='op=PAM:session_close acct="root" exe="/usr/sbin/cron" hostname=? addr=? terminal=cron res=success'
type=SERVICE_START msg=audit(1643066191.763:865): pid=1 uid=0 auid=4294967295 ses=4294967295 msg='unit=apt-daily comm="systemd" exe="/lib/systemd/systemd" hostname=? addr=? terminal=? res=success'
type=SERVICE_STOP msg=audit(1643066191.763:866): pid=1 uid=0 auid=4294967295 ses=4294967295 msg='unit=apt-daily comm="systemd" exe="/lib/systemd/systemd" hostname=? addr=? terminal=? res=success'
type=USER_ACCT msg=audit(1643066221.955:867): pid=15520 uid=0 auid=4294967295 ses=4294967295 msg='op=PAM:accounting acct="root" exe="/usr/sbin/cron" hostname=? addr=? terminal=cron res=success'
type=CRED_ACQ msg=audit(1643066221.955:868): pid=15520 uid=0 auid=4294967295 ses=4294967295 msg='op=PAM:setcred acct="root" exe="/usr/sbin/cron" hostname=? addr=? terminal=cron res=success'
type=LOGIN msg=audit(1643066221.959:869): pid=15520 uid=0 old-auid=4294967295 auid=0 tty=(none) old-ses=4294967295 ses=141 res=1
type=USER_START msg=audit(1643066221.963:870): pid=15520 uid=0 auid=0 ses=141 msg='op=PAM:session_open acct="root" exe="/usr/sbin/cron" hostname=? addr=? terminal=cron res=success'
type=CRED_DISP msg=audit(1643066221.967:871): pid=15520 uid=0 auid=0 ses=141 msg='op=PAM:setcred acct="root" exe="/usr/sbin/cron" hostname=? addr=? terminal=cron res=success'
type=USER_END msg=audit(1643066221.967:872): pid=15520 uid=0 auid=0 ses=141 msg='op=PAM:session_close acct="root" exe="/usr/sbin/cron" hostname=? addr=? terminal=cron res=success'
